<document source="<source>">
    <section ids="test" names="test">
        <title>
            Test
        <literal_block classes="jinja-rendered" xml:space="preserve">
            **hallo**
        <paragraph>
            <strong>
                hallo
