<document source="<source>">
    <section ids="test" names="test">
        <title>
            Test
        <paragraph>
            Goodbye
        <paragraph>
            there
