<document source="<source>">
    <section ids="test" names="test">
        <title>
            Test
        <paragraph>
            foobaz2.0
